// Jest Snapshot v1, https://goo.gl/fbAQLP

exports[`Home.vue should have match snapshot 1`] = `
"<div>
  <div class=\\"v-bottom-navigation v-item-group theme--light v-bottom-navigation--shift\\" style=\\"height: auto; transform: none;\\">
    <div class=\\"container\\">
      <div class=\\"row\\">
        <div class=\\"col-md-4 offset-md-4 col\\">
          <div class=\\"wrapper-search\\">
            <div class=\\"v-input my-search theme--light v-text-field v-text-field--enclosed v-text-field--outlined\\">
              <div class=\\"v-input__control\\">
                <div class=\\"v-input__slot\\">
                  <div class=\\"v-input__prepend-inner\\">
                    <div class=\\"v-input__icon v-input__icon--prepend-inner\\"><i aria-hidden=\\"true\\" class=\\"v-icon notranslate material-icons theme--light\\">search</i></div>
                  </div>
                  <fieldset aria-hidden=\\"true\\">
                    <legend style=\\"width: 0px;\\"><span>â€‹</span></legend>
                  </fieldset>
                  <div class=\\"v-text-field__slot\\"><label for=\\"input-95\\" class=\\"v-label theme--light\\" style=\\"left: 0px; position: absolute;\\">Search</label><input id=\\"input-95\\" type=\\"text\\"></div>
                </div>
                <div class=\\"v-text-field__details\\">
                  <div class=\\"v-messages theme--light\\">
                    <transition-group-stub tag=\\"div\\" name=\\"message-transition\\" class=\\"v-messages__wrapper\\"></transition-group-stub>
                  </div>
                </div>
              </div>
            </div>
          </div>
        </div>
        <div class=\\"d-flex justify-end col-md-4 col\\"><button type=\\"button\\" class=\\"v-btn v-btn--is-elevated v-btn--has-bg theme--light v-size--default\\"><span class=\\"v-btn__content\\">
            home
            <i aria-hidden=\\"true\\" class=\\"v-icon notranslate material-icons theme--dark\\" style=\\"font-size: 40px;\\">home</i></span></button> <button type=\\"button\\" class=\\"v-btn v-btn--is-elevated v-btn--has-bg theme--light v-size--default\\"><span class=\\"v-btn__content\\">
            My network
            <i aria-hidden=\\"true\\" class=\\"v-icon notranslate material-icons theme--dark\\" style=\\"font-size: 40px;\\">view_list</i></span></button> <button type=\\"button\\" class=\\"v-btn v-btn--is-elevated v-btn--has-bg theme--light v-size--default\\"><span class=\\"v-btn__content\\">
            Jobs
            <i aria-hidden=\\"true\\" class=\\"v-icon notranslate material-icons theme--dark\\" style=\\"font-size: 40px;\\">work</i></span></button></div>
      </div>
    </div>
  </div>
  <div class=\\"container\\">
    <div class=\\"row justify-center\\">
      <div class=\\"col-md-4 col\\">
        <div class=\\"mx-auto v-card v-sheet theme--light\\" style=\\"max-width: 100%; display: none;\\">
          <div role=\\"list\\" class=\\"v-list v-sheet theme--light v-list--three-line\\"></div>
        </div>
      </div>
    </div>
  </div>
</div>"
`;
