// Jest Snapshot v1, https://goo.gl/fbAQLP

exports[`ListItems.vue should have a custom title and match snapshot 1`] = `
"<div class=\\"container\\">
  <div class=\\"row justify-center\\">
    <div class=\\"col-md-4 col\\">
      <div class=\\"mx-auto v-card v-sheet theme--light\\" style=\\"max-width: 100%; display: none;\\">
        <div role=\\"list\\" class=\\"v-list v-sheet theme--light v-list--three-line\\"></div>
      </div>
    </div>
  </div>
</div>"
`;

exports[`ListItems.vue should have match snapshot 1`] = `
"<div class=\\"container\\">
  <div class=\\"row justify-center\\">
    <div class=\\"col-md-4 col\\">
      <div class=\\"mx-auto v-card v-sheet theme--light\\" style=\\"max-width: 100%; display: none;\\">
        <div role=\\"list\\" class=\\"v-list v-sheet theme--light v-list--three-line\\"></div>
      </div>
    </div>
  </div>
</div>"
`;
